[techzaa.in/lahomes/admin/index.html]
[backblue.gif]
[fade.gif]
[index.html]
[techzaa.in/lahomes/admin/assets/images/favicon.ico]
[techzaa.in/lahomes/admin/assets/css/vendor.min.css]
[techzaa.in/lahomes/admin/assets/css/icons.min.css]
[techzaa.in/lahomes/admin/assets/js/config.min.js]
[techzaa.in/lahomes/admin/assets/css/app.min.css]
[techzaa.in/lahomes/admin/assets/images/users/avatar-1.jpg]
[techzaa.in/lahomes/admin/assets/images/users/avatar-3.jpg]
[techzaa.in/lahomes/admin/assets/images/users/avatar-5.jpg]
[techzaa.in/lahomes/admin/pages-calendar.html]
[techzaa.in/lahomes/admin/pages-pricing.html]
[techzaa.in/lahomes/admin/pages-faqs.html]
[techzaa.in/lahomes/admin/auth-lock-screen.html]
[techzaa.in/lahomes/admin/auth-signin.html]
[techzaa.in/lahomes/admin/assets/images/logo-sm.png]
[techzaa.in/lahomes/admin/assets/images/logo-dark.png]
[techzaa.in/lahomes/admin/assets/images/logo-light.png]
[techzaa.in/lahomes/admin/dashboard-agent.html]
[techzaa.in/lahomes/admin/dashboard-customer.html]
[techzaa.in/lahomes/admin/property-grid.html]
[techzaa.in/lahomes/admin/property-list.html]
[techzaa.in/lahomes/admin/property-details.html]
[techzaa.in/lahomes/admin/property-add.html]
[techzaa.in/lahomes/admin/agents-list.html]
[techzaa.in/lahomes/admin/agents-grid.html]
[techzaa.in/lahomes/admin/agents-details.html]
[techzaa.in/lahomes/admin/agents-add.html]
[techzaa.in/lahomes/admin/customers-list.html]
[techzaa.in/lahomes/admin/customers-grid.html]
[techzaa.in/lahomes/admin/customers-details.html]
[techzaa.in/lahomes/admin/customers-add.html]
[techzaa.in/lahomes/admin/orders.html]
[techzaa.in/lahomes/admin/transactions.html]
[techzaa.in/lahomes/admin/reviews.html]
[techzaa.in/lahomes/admin/messages.html]
[techzaa.in/lahomes/admin/inbox.html]
[techzaa.in/lahomes/admin/post.html]
[techzaa.in/lahomes/admin/post-details.html]
[techzaa.in/lahomes/admin/post-create.html]
[techzaa.in/lahomes/admin/pages-starter.html]
[techzaa.in/lahomes/admin/pages-invoice.html]
[techzaa.in/lahomes/admin/pages-comingsoon.html]
[techzaa.in/lahomes/admin/pages-timeline.html]
[techzaa.in/lahomes/admin/pages-maintenance.html]
[techzaa.in/lahomes/admin/pages-404.html]
[techzaa.in/lahomes/admin/pages-404-alt.html]
[techzaa.in/lahomes/admin/auth-signup.html]
[techzaa.in/lahomes/admin/auth-password.html]
[techzaa.in/lahomes/admin/widgets.html]
[techzaa.in/lahomes/admin/layouts-dark-sidenav.html]
[techzaa.in/lahomes/admin/layouts-dark-topnav.html]
[techzaa.in/lahomes/admin/layouts-simple-sidenav.html]
[techzaa.in/lahomes/admin/layouts-small-sidenav.html]
[techzaa.in/lahomes/admin/layouts-small-hover.html]
[techzaa.in/lahomes/admin/layouts-small-hover-active.html]
[techzaa.in/lahomes/admin/layouts-hidden-sidenav.html]
[techzaa.in/lahomes/admin/layouts-dark.html]
[techzaa.in/lahomes/admin/ui-accordion.html]
[techzaa.in/lahomes/admin/ui-alerts.html]
[techzaa.in/lahomes/admin/ui-avatar.html]
[techzaa.in/lahomes/admin/ui-badge.html]
[techzaa.in/lahomes/admin/ui-breadcrumb.html]
[techzaa.in/lahomes/admin/ui-buttons.html]
[techzaa.in/lahomes/admin/ui-card.html]
[techzaa.in/lahomes/admin/ui-carousel.html]
[techzaa.in/lahomes/admin/ui-collapse.html]
[techzaa.in/lahomes/admin/ui-dropdown.html]
[techzaa.in/lahomes/admin/ui-list-group.html]
[techzaa.in/lahomes/admin/ui-modal.html]
[techzaa.in/lahomes/admin/ui-tabs.html]
[techzaa.in/lahomes/admin/ui-offcanvas.html]
[techzaa.in/lahomes/admin/ui-pagination.html]
[techzaa.in/lahomes/admin/ui-placeholders.html]
[techzaa.in/lahomes/admin/ui-popovers.html]
[techzaa.in/lahomes/admin/ui-progress.html]
[techzaa.in/lahomes/admin/ui-scrollspy.html]
[techzaa.in/lahomes/admin/ui-spinners.html]
[techzaa.in/lahomes/admin/ui-toasts.html]
[techzaa.in/lahomes/admin/ui-tooltips.html]
[techzaa.in/lahomes/admin/extended-ratings.html]
[techzaa.in/lahomes/admin/extended-sweetalert.html]
[techzaa.in/lahomes/admin/extended-swiper-silder.html]
[techzaa.in/lahomes/admin/extended-scrollbar.html]
[techzaa.in/lahomes/admin/extended-toastify.html]
[techzaa.in/lahomes/admin/charts-apex-area.html]
[techzaa.in/lahomes/admin/charts-apex-bar.html]
[techzaa.in/lahomes/admin/charts-apex-bubble.html]
[techzaa.in/lahomes/admin/charts-apex-candlestick.html]
[techzaa.in/lahomes/admin/charts-apex-column.html]
[techzaa.in/lahomes/admin/charts-apex-heatmap.html]
[techzaa.in/lahomes/admin/charts-apex-line.html]
[techzaa.in/lahomes/admin/charts-apex-mixed.html]
[techzaa.in/lahomes/admin/charts-apex-timeline.html]
[techzaa.in/lahomes/admin/charts-apex-boxplot.html]
[techzaa.in/lahomes/admin/charts-apex-treemap.html]
[techzaa.in/lahomes/admin/charts-apex-pie.html]
[techzaa.in/lahomes/admin/charts-apex-radar.html]
[techzaa.in/lahomes/admin/charts-apex-radialbar.html]
[techzaa.in/lahomes/admin/charts-apex-scatter.html]
[techzaa.in/lahomes/admin/charts-apex-polar-area.html]
[techzaa.in/lahomes/admin/forms-basic.html]
[techzaa.in/lahomes/admin/forms-checkbox-radio.html]
[techzaa.in/lahomes/admin/forms-choices.html]
[techzaa.in/lahomes/admin/forms-clipboard.html]
[techzaa.in/lahomes/admin/forms-flatepicker.html]
[techzaa.in/lahomes/admin/forms-validation.html]
[techzaa.in/lahomes/admin/forms-wizard.html]
[techzaa.in/lahomes/admin/forms-fileuploads.html]
[techzaa.in/lahomes/admin/forms-editors.html]
[techzaa.in/lahomes/admin/forms-input-mask.html]
[techzaa.in/lahomes/admin/forms-range-slider.html]
[techzaa.in/lahomes/admin/tables-basic.html]
[techzaa.in/lahomes/admin/tables-gridjs.html]
[techzaa.in/lahomes/admin/icons-remix.html]
[techzaa.in/lahomes/admin/icons-solar.html]
[techzaa.in/lahomes/admin/maps-google.html]
[techzaa.in/lahomes/admin/maps-vector.html]
[techzaa.in/lahomes/admin/assets/images/money.png]
[techzaa.in/lahomes/admin/assets/images/properties/p-9.jpg]
[techzaa.in/lahomes/admin/assets/images/properties/p-7.jpg]
[techzaa.in/lahomes/admin/assets/images/properties/p-8.jpg]
[techzaa.in/lahomes/admin/assets/images/properties/p-6.jpg]
[techzaa.in/lahomes/admin/assets/images/properties/p-10.jpg]
[techzaa.in/lahomes/admin/assets/images/users/avatar-2.jpg]
[techzaa.in/lahomes/admin/assets/images/users/avatar-4.jpg]
[techzaa.in/lahomes/admin/assets/images/users/avatar-6.jpg]
[techzaa.in/lahomes/admin/assets/images/users/avatar-7.jpg]
[techzaa.in/lahomes/admin/assets/js/app.js]
[techzaa.in/lahomes/admin/assets/vendor/jsvectormap/js/jsvectormap.min.js]
[techzaa.in/lahomes/admin/assets/js/vendor.js]
[techzaa.in/lahomes/admin/assets/vendor/jsvectormap/maps/world-merc.js]
[techzaa.in/lahomes/admin/assets/vendor/jsvectormap/maps/world.js]
[techzaa.in/lahomes/admin/assets/js/pages/dashboard-analytics.js]
[techzaa.in/lahomes/admin/index.html]
[techzaa.in/lahomes/admin/assets/css/vendor.min.css]
[techzaa.in/lahomes/admin/assets/fonts/remixicon0c93.eot]
[techzaa.in/lahomes/admin/assets/fonts/remixicon0c93.woff2]
[techzaa.in/lahomes/admin/assets/fonts/remixicon0c93.woff]
[techzaa.in/lahomes/admin/assets/fonts/remixicon0c93.ttf]
[techzaa.in/lahomes/admin/assets/fonts/boxicons.eot]
[techzaa.in/lahomes/admin/assets/fonts/boxicons.woff2]
[techzaa.in/lahomes/admin/assets/fonts/boxicons.woff]
[techzaa.in/lahomes/admin/assets/fonts/boxicons.ttf]
[techzaa.in/lahomes/admin/assets/css/icons.min.css]
[techzaa.in/lahomes/admin/assets/images/users/chat.jpg]
[techzaa.in/lahomes/admin/assets/css/app.min.css]
[techzaa.in/lahomes/admin/assets/vendor/fullcalendar/main.min.css]
[techzaa.in/lahomes/admin/assets/vendor/fullcalendar/main.min.js]
[techzaa.in/lahomes/admin/assets/js/pages/app-calendar.js]
[techzaa.in/lahomes/admin/pages-calendar.html]
[techzaa.in/lahomes/admin/pages-pricing.html]
[techzaa.in/lahomes/admin/pages-faqs.html]
[techzaa.in/lahomes/admin/auth-lock-screen.html]
[techzaa.in/lahomes/admin/auth-signin.html]
[techzaa.in/lahomes/admin/assets/images/agent-1.png]
[techzaa.in/lahomes/admin/assets/js/pages/dashboard.js]
[techzaa.in/lahomes/admin/dashboard-agent.html]
[techzaa.in/lahomes/admin/assets/images/users/avatar-8.jpg]
[techzaa.in/lahomes/admin/assets/images/users/avatar-9.jpg]
[techzaa.in/lahomes/admin/assets/images/users/avatar-10.jpg]
[techzaa.in/lahomes/admin/assets/js/pages/dashboard-customer.js]
[techzaa.in/lahomes/admin/dashboard-customer.html]
[techzaa.in/lahomes/admin/assets/images/properties/p-1.jpg]
[techzaa.in/lahomes/admin/assets/images/properties/p-2.jpg]
[techzaa.in/lahomes/admin/assets/images/properties/p-3.jpg]
[techzaa.in/lahomes/admin/assets/images/properties/p-4.jpg]
[techzaa.in/lahomes/admin/assets/images/properties/p-5.jpg]
[techzaa.in/lahomes/admin/assets/js/pages/property-grid.js]
[techzaa.in/lahomes/admin/property-grid.html]
[techzaa.in/lahomes/admin/property-list.html]
[techzaa.in/lahomes/admin/assets/images/properties/p-11.jpg]
[techzaa.in/lahomes/admin/property-details.html]
[techzaa.in/lahomes/admin/property-add.html]
[techzaa.in/lahomes/admin/agents-list.html]
[techzaa.in/lahomes/admin/assets/images/home-2.png]
[techzaa.in/lahomes/admin/assets/js/pages/agent-grid.js]
[techzaa.in/lahomes/admin/agents-grid.html]
[techzaa.in/lahomes/admin/assets/images/properties/p-12.jpg]
[techzaa.in/lahomes/admin/assets/images/trophy.png]
[techzaa.in/lahomes/admin/assets/js/pages/agent-detail.js]
[techzaa.in/lahomes/admin/agents-details.html]
[techzaa.in/lahomes/admin/agents-add.html]
[techzaa.in/lahomes/admin/customers-list.html]
[techzaa.in/lahomes/admin/customers-grid.html]
[techzaa.in/lahomes/admin/assets/images/properties/p-14.jpg]
[techzaa.in/lahomes/admin/assets/images/properties/p-13.jpg]
[techzaa.in/lahomes/admin/assets/images/properties/p-15.jpg]
[techzaa.in/lahomes/admin/assets/images/chip.png]
[techzaa.in/lahomes/admin/assets/images/contactless-payment.png]
[techzaa.in/lahomes/admin/assets/js/pages/customer-detail.js]
[techzaa.in/lahomes/admin/customers-details.html]
[techzaa.in/lahomes/admin/customers-add.html]
[techzaa.in/lahomes/admin/orders.html]
[techzaa.in/lahomes/admin/transactions.html]
[techzaa.in/lahomes/admin/reviews.html]
[techzaa.in/lahomes/admin/assets/images/users/avatar-11.jpg]
[techzaa.in/lahomes/admin/assets/images/users/avatar-12.jpg]
[techzaa.in/lahomes/admin/assets/images/small/img-4.jpg]
[techzaa.in/lahomes/admin/assets/images/small/img-6.jpg]
[techzaa.in/lahomes/admin/assets/images/small/img-7.jpg]
[techzaa.in/lahomes/admin/assets/images/small/img-1.jpg]
[techzaa.in/lahomes/admin/assets/images/small/img-2.jpg]
[techzaa.in/lahomes/admin/assets/images/small/img-3.jpg]
[techzaa.in/lahomes/admin/assets/js/pages/app-chat.js]
[techzaa.in/lahomes/admin/messages.html]
[techzaa.in/lahomes/admin/inbox.html]
[techzaa.in/lahomes/admin/assets/images/properties/p-16.jpg]
[techzaa.in/lahomes/admin/post.html]
[techzaa.in/lahomes/admin/assets/images/blog/blog.jpg]
[techzaa.in/lahomes/admin/assets/images/small/img-5.jpg]
[techzaa.in/lahomes/admin/assets/images/small/img-8.jpg]
[techzaa.in/lahomes/admin/assets/images/small/img-9.jpg]
[techzaa.in/lahomes/admin/assets/images/small/img-10.jpg]
[techzaa.in/lahomes/admin/post-details.html]
[techzaa.in/lahomes/admin/assets/js/pages/app-blog-create.js]
[techzaa.in/lahomes/admin/post-create.html]
[techzaa.in/lahomes/admin/pages-starter.html]
[techzaa.in/lahomes/admin/pages-invoice.html]
[techzaa.in/lahomes/admin/assets/js/pages/coming-soon.js]
[techzaa.in/lahomes/admin/pages-comingsoon.html]
[techzaa.in/lahomes/admin/pages-timeline.html]
[techzaa.in/lahomes/admin/pages-maintenance.html]
[techzaa.in/lahomes/admin/pages-404.html]
[techzaa.in/lahomes/admin/pages-404-alt.html]
[techzaa.in/lahomes/admin/auth-signup.html]
[techzaa.in/lahomes/admin/auth-password.html]
[techzaa.in/lahomes/admin/assets/js/pages/widgets.js]
[techzaa.in/lahomes/admin/widgets.html]
[techzaa.in/lahomes/admin/layouts-dark-sidenav.html]
[techzaa.in/lahomes/admin/layouts-dark-topnav.html]
[techzaa.in/lahomes/admin/layouts-simple-sidenav.html]
[techzaa.in/lahomes/admin/layouts-small-sidenav.html]
[techzaa.in/lahomes/admin/layouts-small-hover.html]
[techzaa.in/lahomes/admin/layouts-small-hover-active.html]
[techzaa.in/lahomes/admin/layouts-hidden-sidenav.html]
[techzaa.in/lahomes/admin/layouts-dark.html]
[techzaa.in/lahomes/admin/ui-accordion.html]
[techzaa.in/lahomes/admin/ui-alerts.html]
[techzaa.in/lahomes/admin/ui-avatar.html]
[techzaa.in/lahomes/admin/ui-badge.html]
[techzaa.in/lahomes/admin/ui-breadcrumb.html]
[techzaa.in/lahomes/admin/ui-buttons.html]
[techzaa.in/lahomes/admin/ui-card.html]
[techzaa.in/lahomes/admin/ui-carousel.html]
[techzaa.in/lahomes/admin/ui-collapse.html]
[techzaa.in/lahomes/admin/ui-dropdown.html]
[techzaa.in/lahomes/admin/ui-list-group.html]
[techzaa.in/lahomes/admin/ui-modal.html]
[techzaa.in/lahomes/admin/ui-tabs.html]
[techzaa.in/lahomes/admin/ui-offcanvas.html]
[techzaa.in/lahomes/admin/ui-pagination.html]
[techzaa.in/lahomes/admin/ui-placeholders.html]
[techzaa.in/lahomes/admin/ui-popovers.html]
[techzaa.in/lahomes/admin/ui-progress.html]
[techzaa.in/lahomes/admin/ui-scrollspy.html]
[techzaa.in/lahomes/admin/ui-spinners.html]
[techzaa.in/lahomes/admin/ui-toasts.html]
[techzaa.in/lahomes/admin/ui-tooltips.html]
[techzaa.in/lahomes/admin/assets/js/components/extended-rating.js]
[techzaa.in/lahomes/admin/extended-ratings.html]
[techzaa.in/lahomes/admin/assets/js/components/extended-sweetalert.js]
[techzaa.in/lahomes/admin/extended-sweetalert.html]
[techzaa.in/lahomes/admin/extended-swiper-silder.html]
[techzaa.in/lahomes/admin/extended-scrollbar.html]
[techzaa.in/lahomes/admin/extended-toastify.html]
[apexcharts.com/samples/assets/stock-prices.js]
[apexcharts.com/samples/assets/github-data.js]
[apexcharts.com/samples/assets/irregular-data-series.js]
[techzaa.in/lahomes/admin/assets/js/components/apexchart-area.js]
[techzaa.in/lahomes/admin/charts-apex-area.html]
[techzaa.in/lahomes/admin/assets/js/components/apexchart-bar.js]
[techzaa.in/lahomes/admin/charts-apex-bar.html]
[techzaa.in/lahomes/admin/assets/js/components/apexchart-bubble.js]
[techzaa.in/lahomes/admin/charts-apex-bubble.html]
[apexcharts.com/samples/assets/ohlc.js]
[cdnjs.cloudflare.com/ajax/libs/dayjs/1.8.17/dayjs.min.js]
[techzaa.in/lahomes/admin/assets/js/components/apexchart-candlestick.js]
[techzaa.in/lahomes/admin/charts-apex-candlestick.html]
[cdnjs.cloudflare.com/ajax/libs/dayjs/1.11.0/dayjs.min.js]
[cdnjs.cloudflare.com/ajax/libs/dayjs/1.11.0/plugin/quarterOfYear.min.js]
[techzaa.in/lahomes/admin/assets/js/components/apexchart-column.js]
[techzaa.in/lahomes/admin/charts-apex-column.html]
[techzaa.in/lahomes/admin/assets/js/components/apexchart-heatmap.js]
[techzaa.in/lahomes/admin/charts-apex-heatmap.html]
[techzaa.in/lahomes/admin/assets/js/components/apexchart-line.js]
[techzaa.in/lahomes/admin/charts-apex-line.html]
[techzaa.in/lahomes/admin/assets/js/components/apexchart-mixed.js]
[techzaa.in/lahomes/admin/charts-apex-mixed.html]
[techzaa.in/lahomes/admin/assets/js/components/apexchart-timeline.js]
[techzaa.in/lahomes/admin/charts-apex-timeline.html]
[techzaa.in/lahomes/admin/assets/js/components/apexchart-boxplot.js]
[techzaa.in/lahomes/admin/charts-apex-boxplot.html]
[techzaa.in/lahomes/admin/assets/js/components/apexchart-treemap.js]
[techzaa.in/lahomes/admin/charts-apex-treemap.html]
[techzaa.in/lahomes/admin/assets/js/components/apexchart-pie.js]
[techzaa.in/lahomes/admin/charts-apex-pie.html]
[techzaa.in/lahomes/admin/assets/js/components/apexchart-radar.js]
[techzaa.in/lahomes/admin/charts-apex-radar.html]
[techzaa.in/lahomes/admin/assets/js/components/apexchart-radialbar.js]
[techzaa.in/lahomes/admin/charts-apex-radialbar.html]
[techzaa.in/lahomes/admin/assets/js/components/apexchart-scatter.js]
[techzaa.in/lahomes/admin/charts-apex-scatter.html]
[techzaa.in/lahomes/admin/assets/js/components/apexchart-polar-area.js]
[techzaa.in/lahomes/admin/charts-apex-polar-area.html]
[techzaa.in/lahomes/admin/forms-basic.html]
[techzaa.in/lahomes/admin/forms-checkbox-radio.html]
[techzaa.in/lahomes/admin/forms-choices.html]
[techzaa.in/lahomes/admin/assets/js/components/form-clipboard.js]
[techzaa.in/lahomes/admin/forms-clipboard.html]
[techzaa.in/lahomes/admin/assets/js/components/form-flatepicker.js]
[techzaa.in/lahomes/admin/forms-flatepicker.html]
[techzaa.in/lahomes/admin/forms-validation.html]
[techzaa.in/lahomes/admin/assets/images/users/dummy-avatar.jpg]
[techzaa.in/lahomes/admin/forms-wizard.html]
[techzaa.in/lahomes/admin/assets/js/components/form-fileupload.js]
[techzaa.in/lahomes/admin/forms-fileuploads.html]
[techzaa.in/lahomes/admin/assets/js/components/form-quilljs.js]
[techzaa.in/lahomes/admin/forms-editors.html]
[techzaa.in/lahomes/admin/forms-input-mask.html]
[techzaa.in/lahomes/admin/assets/js/components/form-slider.js]
[techzaa.in/lahomes/admin/forms-range-slider.html]
[techzaa.in/lahomes/admin/tables-basic.html]
[techzaa.in/lahomes/admin/assets/vendor/gridjs/theme/mermaid.min.css]
[techzaa.in/lahomes/admin/assets/vendor/gridjs/gridjs.umd.js]
[techzaa.in/lahomes/admin/assets/js/components/table-gridjs.js]
[techzaa.in/lahomes/admin/tables-gridjs.html]
[techzaa.in/lahomes/admin/icons-remix.html]
[techzaa.in/lahomes/admin/icons-solar.html]
[techzaa.in/lahomes/admin/assets/vendor/gmaps/gmaps.min.js]
[techzaa.in/lahomes/admin/assets/js/components/maps-google.js]
[techzaa.in/lahomes/admin/maps-google.html]
[techzaa.in/lahomes/admin/assets/js/components/maps-canada.js]
[techzaa.in/lahomes/admin/assets/js/components/maps-iraq.js]
[techzaa.in/lahomes/admin/assets/js/components/maps-russia.js]
[techzaa.in/lahomes/admin/assets/js/components/maps-vector.js]
[techzaa.in/lahomes/admin/maps-vector.html]
[techzaa.in/lahomes/admin/assets/js/components/maps-spain.js]
[techzaa.in/lahomes/admin/assets/fonts/remixicon0c93.svg]
[techzaa.in/lahomes/admin/assets/fonts/boxiconsd41d.svg]
[techzaa.in/assets/images/customer-bg.html]
[techzaa.in/lahomes/admin/assets/vendor/fullcalendar/main.min.css]
[techzaa.in/lahomes/admin/assets/images/flag/br.svg]
[techzaa.in/lahomes/admin/assets/images/flag/ca.svg]
[techzaa.in/lahomes/admin/assets/images/flag/ru.svg]
[techzaa.in/lahomes/admin/assets/images/flag/us.svg]
[techzaa.in/lahomes/admin/assets/images/card/mastercard.svg]
[techzaa.in/lahomes/admin/assets/images/card/visa.svg]
[techzaa.in/lahomes/admin/assets/images/card/paypal.svg]
[techzaa.in/lahomes/admin/assets/images/maintenance.svg]
[techzaa.in/lahomes/admin/assets/images/404.svg]
[apexcharts.com/samples/assets/series1000.js]
[techzaa.in/lahomes/assets/js/components/form-wizard.html]
[techzaa.in/lahomes/admin/assets/vendor/gridjs/theme/mermaid.min.css]
